[0m16:16:10.506141 [debug] [MainThread]: Sending event: {'category': 'dbt', 'action': 'invocation', 'label': 'start', 'context': [<snowplow_tracker.self_describing_json.SelfDescribingJson object at 0x7d6d67444470>, <snowplow_tracker.self_describing_json.SelfDescribingJson object at 0x7d6d66f6eff0>, <snowplow_tracker.self_describing_json.SelfDescribingJson object at 0x7d6d67445b80>]}


============================== 16:16:10.548187 | 1e7bc420-c751-43bd-9f9b-73269b43efff ==============================
[0m16:16:10.548187 [info ] [MainThread]: Running with dbt=1.11.6
[0m16:16:10.549407 [debug] [MainThread]: running dbt with arguments {'partial_parse': 'True', 'indirect_selection': 'eager', 'use_experimental_parser': 'False', 'log_format': 'default', 'use_colors': 'True', 'quiet': 'False', 'no_print': 'None', 'version_check': 'True', 'warn_error': 'None', 'debug': 'False', 'warn_error_options': 'WarnErrorOptionsV2(error=[], warn=[], silence=[])', 'fail_fast': 'False', 'log_cache_events': 'False', 'static_parser': 'True', 'cache_selected_only': 'False', 'introspect': 'True', 'invocation_command': 'dbt init data_warehousing', 'profiles_dir': '/home/codespace/.dbt', 'empty': 'None', 'target_path': 'None', 'printer_width': '80', 'write_json': 'True', 'log_path': 'logs', 'send_anonymous_usage_stats': 'True'}
[0m16:16:10.563778 [info ] [MainThread]: Creating dbt configuration folder at /home/codespace/.dbt
[0m16:16:10.565432 [debug] [MainThread]: Starter project path: /usr/local/python/3.12.1/lib/python3.12/site-packages/dbt/include/starter_project
[0m16:16:10.569969 [info ] [MainThread]: 
Your new dbt project "data_warehousing" was created!

For more information on how to configure the profiles.yml file,
please consult the dbt documentation here:

  https://docs.getdbt.com/docs/configure-your-profile

One more thing:

Need help? Don't hesitate to reach out to us via GitHub issues or on Slack:

  https://community.getdbt.com/

Happy modeling!

[0m16:16:10.571382 [info ] [MainThread]: Setting up your profile.
[0m16:17:54.062840 [debug] [MainThread]: Snowflake adapter: Setting snowflake.connector to ERROR (file logging only)
[0m16:17:54.063504 [debug] [MainThread]: Snowflake adapter: Setting botocore to ERROR (file logging only)
[0m16:17:54.064035 [debug] [MainThread]: Snowflake adapter: Setting boto3 to ERROR (file logging only)
[0m16:28:19.554719 [info ] [MainThread]: Profile data_warehousing written to /home/codespace/.dbt/profiles.yml using target's profile_template.yml and your supplied values. Run 'dbt debug' to validate the connection.
[0m16:28:19.563513 [debug] [MainThread]: Resource report: {"command_name": "init", "command_success": true, "command_wall_clock_time": 729.1343, "process_in_blocks": "22840", "process_kernel_time": 0.432369, "process_mem_max_rss": "143412", "process_out_blocks": "88", "process_user_time": 3.786522}
[0m16:28:19.564424 [debug] [MainThread]: Command `dbt init` succeeded at 16:28:19.564305 after 729.14 seconds
[0m16:28:19.564932 [debug] [MainThread]: Sending event: {'category': 'dbt', 'action': 'invocation', 'label': 'end', 'context': [<snowplow_tracker.self_describing_json.SelfDescribingJson object at 0x7d6d66f01370>, <snowplow_tracker.self_describing_json.SelfDescribingJson object at 0x7d6d64f4bce0>, <snowplow_tracker.self_describing_json.SelfDescribingJson object at 0x7d6d64fe39b0>]}
[0m16:28:19.565495 [debug] [MainThread]: Flushing usage events
[0m16:28:19.934985 [debug] [MainThread]: An error was encountered while trying to flush usage events
[0m16:28:34.178349 [debug] [MainThread]: Sending event: {'category': 'dbt', 'action': 'invocation', 'label': 'start', 'context': [<snowplow_tracker.self_describing_json.SelfDescribingJson object at 0x798e0a2e19a0>, <snowplow_tracker.self_describing_json.SelfDescribingJson object at 0x798e09f792e0>, <snowplow_tracker.self_describing_json.SelfDescribingJson object at 0x798e0bf2e090>]}


============================== 16:28:34.183715 | e840f823-fadd-429b-b473-820bb8eab769 ==============================
[0m16:28:34.183715 [info ] [MainThread]: Running with dbt=1.11.6
[0m16:28:34.185149 [debug] [MainThread]: running dbt with arguments {'no_print': 'None', 'write_json': 'True', 'use_experimental_parser': 'False', 'warn_error': 'None', 'log_cache_events': 'False', 'warn_error_options': 'WarnErrorOptionsV2(error=[], warn=[], silence=[])', 'introspect': 'True', 'printer_width': '80', 'send_anonymous_usage_stats': 'True', 'debug': 'False', 'static_parser': 'True', 'quiet': 'False', 'cache_selected_only': 'False', 'partial_parse': 'True', 'log_path': 'logs', 'indirect_selection': 'eager', 'fail_fast': 'False', 'target_path': 'None', 'profiles_dir': '/home/codespace/.dbt', 'log_format': 'default', 'use_colors': 'True', 'invocation_command': 'dbt debug', 'empty': 'None', 'version_check': 'True'}
[0m16:28:34.200470 [info ] [MainThread]: dbt version: 1.11.6
[0m16:28:34.201690 [info ] [MainThread]: python version: 3.12.1
[0m16:28:34.203762 [info ] [MainThread]: python path: /usr/local/python/3.12.1/bin/python3
[0m16:28:34.207721 [info ] [MainThread]: os info: Linux-6.8.0-1030-azure-x86_64-with-glibc2.39
[0m16:28:34.553986 [debug] [MainThread]: Snowflake adapter: Setting snowflake.connector to ERROR (file logging only)
[0m16:28:34.554681 [debug] [MainThread]: Snowflake adapter: Setting botocore to ERROR (file logging only)
[0m16:28:34.555227 [debug] [MainThread]: Snowflake adapter: Setting boto3 to ERROR (file logging only)
[0m16:28:34.623931 [info ] [MainThread]: Using profiles dir at /home/codespace/.dbt
[0m16:28:34.624674 [info ] [MainThread]: Using profiles.yml file at /home/codespace/.dbt/profiles.yml
[0m16:28:34.625261 [info ] [MainThread]: Using dbt_project.yml file at /workspaces/Data_Warehousing/dbt_project.yml
[0m16:28:34.626030 [info ] [MainThread]: adapter type: snowflake
[0m16:28:34.626559 [info ] [MainThread]: adapter version: 1.11.2
[0m16:28:34.627105 [info ] [MainThread]: Configuration:
[0m16:28:34.627636 [info ] [MainThread]:   profiles.yml file [[32mOK found and valid[0m]
[0m16:28:34.628166 [info ] [MainThread]:   dbt_project.yml file [[31mERROR not found[0m]
[0m16:28:34.628679 [info ] [MainThread]: Required dependencies:
[0m16:28:34.629280 [debug] [MainThread]: Executing "git --help"
[0m16:28:34.633478 [debug] [MainThread]: STDOUT: "b"usage: git [-v | --version] [-h | --help] [-C <path>] [-c <name>=<value>]\n           [--exec-path[=<path>]] [--html-path] [--man-path] [--info-path]\n           [-p | --paginate | -P | --no-pager] [--no-replace-objects] [--no-lazy-fetch]\n           [--no-optional-locks] [--no-advice] [--bare] [--git-dir=<path>]\n           [--work-tree=<path>] [--namespace=<name>] [--config-env=<name>=<envvar>]\n           <command> [<args>]\n\nThese are common Git commands used in various situations:\n\nstart a working area (see also: git help tutorial)\n   clone      Clone a repository into a new directory\n   init       Create an empty Git repository or reinitialize an existing one\n\nwork on the current change (see also: git help everyday)\n   add        Add file contents to the index\n   mv         Move or rename a file, a directory, or a symlink\n   restore    Restore working tree files\n   rm         Remove files from the working tree and from the index\n\nexamine the history and state (see also: git help revisions)\n   bisect     Use binary search to find the commit that introduced a bug\n   diff       Show changes between commits, commit and working tree, etc\n   grep       Print lines matching a pattern\n   log        Show commit logs\n   show       Show various types of objects\n   status     Show the working tree status\n\ngrow, mark and tweak your common history\n   backfill   Download missing objects in a partial clone\n   branch     List, create, or delete branches\n   commit     Record changes to the repository\n   merge      Join two or more development histories together\n   rebase     Reapply commits on top of another base tip\n   reset      Reset current HEAD to the specified state\n   switch     Switch branches\n   tag        Create, list, delete or verify tags\n\ncollaborate (see also: git help workflows)\n   fetch      Download objects and refs from another repository\n   pull       Fetch from and integrate with another repository or a local branch\n   push       Update remote refs along with associated objects\n\n'git help -a' and 'git help -g' list available subcommands and some\nconcept guides. See 'git help <command>' or 'git help <concept>'\nto read about a specific subcommand or concept.\nSee 'git help git' for an overview of the system.\n""
[0m16:28:34.634388 [debug] [MainThread]: STDERR: "b''"
[0m16:28:34.635033 [info ] [MainThread]:  - git [[32mOK found[0m]

[0m16:28:34.635648 [info ] [MainThread]: Connection:
[0m16:28:34.636218 [info ] [MainThread]:   account: QSB64309
[0m16:28:34.636713 [info ] [MainThread]:   user: DOG
[0m16:28:34.637267 [info ] [MainThread]:   database: RAW_DB
[0m16:28:34.637772 [info ] [MainThread]:   warehouse: dw_reagansiggard
[0m16:28:34.638316 [info ] [MainThread]:   role: SYSADMIN
[0m16:28:34.638820 [info ] [MainThread]:   schema: DEV
[0m16:28:34.639338 [info ] [MainThread]:   authenticator: None
[0m16:28:34.639829 [info ] [MainThread]:   oauth_client_id: None
[0m16:28:34.640390 [info ] [MainThread]:   query_tag: None
[0m16:28:34.640958 [info ] [MainThread]:   client_session_keep_alive: False
[0m16:28:34.641563 [info ] [MainThread]:   host: None
[0m16:28:34.642240 [info ] [MainThread]:   port: None
[0m16:28:34.642905 [info ] [MainThread]:   proxy_host: None
[0m16:28:34.643627 [info ] [MainThread]:   proxy_port: None
[0m16:28:34.644270 [info ] [MainThread]:   protocol: None
[0m16:28:34.644821 [info ] [MainThread]:   connect_retries: 1
[0m16:28:34.645442 [info ] [MainThread]:   connect_timeout: None
[0m16:28:34.645974 [info ] [MainThread]:   retry_on_database_errors: False
[0m16:28:34.646593 [info ] [MainThread]:   retry_all: False
[0m16:28:34.647273 [info ] [MainThread]:   insecure_mode: False
[0m16:28:34.647976 [info ] [MainThread]:   reuse_connections: True
[0m16:28:34.648721 [info ] [MainThread]:   s3_stage_vpce_dns_name: None
[0m16:28:34.649479 [info ] [MainThread]:   platform_detection_timeout_seconds: 0.0
[0m16:28:34.650464 [info ] [MainThread]: Registered adapter: snowflake=1.11.2
[0m16:28:34.824339 [debug] [MainThread]: Acquiring new snowflake connection 'debug'
[0m16:28:34.923484 [debug] [MainThread]: Using snowflake connection "debug"
[0m16:28:34.924048 [debug] [MainThread]: On debug: select 1 as id
[0m16:28:34.924526 [debug] [MainThread]: Opening a new connection, currently in state init
[0m16:28:34.925182 [debug] [MainThread]: Snowflake adapter: Error running SQL: select 1 as id
[0m16:28:34.925638 [debug] [MainThread]: Snowflake adapter: Rolling back transaction.
[0m16:28:34.926097 [info ] [MainThread]:   Connection test: [[31mERROR[0m]

[0m16:28:34.926733 [info ] [MainThread]: [31m2 checks failed:[0m
[0m16:28:34.927256 [info ] [MainThread]: Project loading failed for the following reason:
 project path </workspaces/Data_Warehousing/dbt_project.yml> not found

[0m16:28:34.927780 [info ] [MainThread]: dbt was unable to connect to the specified database.
The database returned the following error:

  >Database Error
  [Errno 2] No such file or directory: '-----BEGIN PRIVATE KEY-----'

Check your database credentials and try again. For more information, visit:
https://docs.getdbt.com/docs/configure-your-profile


[0m16:28:34.928967 [debug] [MainThread]: Resource report: {"command_name": "debug", "command_success": false, "command_wall_clock_time": 0.88703805, "process_in_blocks": "5904", "process_kernel_time": 0.329073, "process_mem_max_rss": "149428", "process_out_blocks": "24", "process_user_time": 3.52934}
[0m16:28:34.929835 [debug] [MainThread]: Command `dbt debug` failed at 16:28:34.929717 after 0.89 seconds
[0m16:28:34.930321 [debug] [MainThread]: Connection 'debug' was left open.
[0m16:28:34.930766 [debug] [MainThread]: On debug: No close available on handle
[0m16:28:34.931244 [debug] [MainThread]: Sending event: {'category': 'dbt', 'action': 'invocation', 'label': 'end', 'context': [<snowplow_tracker.self_describing_json.SelfDescribingJson object at 0x798e0a2e19a0>, <snowplow_tracker.self_describing_json.SelfDescribingJson object at 0x798e07d4a930>, <snowplow_tracker.self_describing_json.SelfDescribingJson object at 0x798e09c02090>]}
[0m16:28:34.931782 [debug] [MainThread]: Flushing usage events
[0m16:28:35.241109 [debug] [MainThread]: An error was encountered while trying to flush usage events
